
> frontend@0.0.0 build
> vite build

[36mvite v8.0.0 [32mbuilding client environment for production...[36m[39m
[2K
transforming...Γ£ô 19 modules transformed.
node.exe : [31mΓ£ù[39m Build 
failed in 667ms
At C:\Program 
Files\nodejs\npm.ps1:16 char:5
+     & "$basedir/node$exe"  "$
basedir/node_modules/npm/bin/np
m-cli.js" ...
+     ~~~~~~~~~~~~~~~~~~~~~~~~~
~~~~~~~~~~~~~~~~~~~~~~~~~~~~~~~
~~~~~~~~~
    + CategoryInfo          :  
   NotSpecified: ([31mΓ£ù[3  
  9m Build failed in 667ms:S   
 tring) [], RemoteException
    + FullyQualifiedErrorId :  
   NativeCommandError
 
[31merror during build:
[31mBuild failed with 1 error:

[plugin vite:css] C:/VS 
projects/Sem 
7/frontend/src/index.css:1:0
CssSyntaxError: [postcss] 
postcss-import: C:\VS 
projects\Sem 7\frontend\node_mo
dules\tailwindcss\lib\index.js:
1:1: Unknown word "use strict"
    at Input.error (C:\VS 
projects\Sem 7\frontend\node_mo
dules\postcss\lib\input.js:135:
16)
    at Parser.unknownWord 
(C:\VS projects\Sem 7\frontend\
node_modules\postcss\lib\parser
.js:595:22)
    at Parser.other (C:\VS 
projects\Sem 7\frontend\node_mo
dules\postcss\lib\parser.js:437
:12)
    at Parser.parse (C:\VS 
projects\Sem 7\frontend\node_mo
dules\postcss\lib\parser.js:472
:16)
    at parse (C:\VS 
projects\Sem 7\frontend\node_mo
dules\postcss\lib\parse.js:11:1
2)
    at get root (C:\VS 
projects\Sem 7\frontend\node_mo
dules\postcss\lib\no-work-resul
t.js:43:14)
    at Result.get [as root] 
(C:\VS projects\Sem 7\frontend\
node_modules\postcss\lib\no-wor
k-result.js:76:21)
    at loadImportContent (file:
///C:/VS%20projects/Sem%207/fro
ntend/node_modules/vite/dist/no
de/chunks/postcss-import.js:399
:33)
    at async Promise.all 
(index 0)
    at async resolveImportId (f
ile:///C:/VS%20projects/Sem%207
/frontend/node_modules/vite/dis
t/node/chunks/postcss-import.js
:378:20)[31m
    at aggregateBindingErrorsIn
toJsError (file:///C:/VS%20proj
ects/Sem%207/frontend/node_modu
les/rolldown/dist/shared/error-
CP8smW_P.mjs:48:18)
    at unwrapBindingResult (fil
e:///C:/VS%20projects/Sem%207/f
rontend/node_modules/rolldown/d
ist/shared/error-CP8smW_P.mjs:1
8:128)
    at #build (file:///C:/VS%20
projects/Sem%207/frontend/node_
modules/rolldown/dist/shared/ro
lldown-build-4YnQkA76.mjs:3311:
34)
    at async buildEnvironment (
file:///C:/VS%20projects/Sem%20
7/frontend/node_modules/vite/di
st/node/chunks/node.js:32794:64
)
    at async Object.build (file
:///C:/VS%20projects/Sem%207/fr
ontend/node_modules/vite/dist/n
ode/chunks/node.js:33216:19)
    at async Object.buildApp (f
ile:///C:/VS%20projects/Sem%207
/frontend/node_modules/vite/dis
t/node/chunks/node.js:33213:153
)
    at async CAC.<anonymous> (f
ile:///C:/VS%20projects/Sem%207
/frontend/node_modules/vite/dis
t/node/cli.js:778:3) {
  errors: [Getter/Setter]
}[39m
